2026-09-25 18:44:18,126 - logger - INFO - ------
2026-09-25 18:44:18,127 - logger - INFO - retrieve station status
2026-09-25 18:44:18,675 - logger - INFO - request status: Successful
2026-09-25 18:44:18,678 - logger - INFO - Successful dumping
2026-09-25 18:44:18,678 - logger - INFO - retrieve station information
2026-09-25 18:44:19,976 - logger - INFO - request status: Successful
2026-09-25 18:44:19,997 - logger - INFO - Successful dumping
2026-09-25 18:44:19,998 - logger - INFO - ------
2026-09-25 22:29:36,269 - logger - INFO - ------
2026-09-25 22:29:36,269 - logger - INFO - retrieve station status
2026-09-25 22:29:36,782 - logger - INFO - request status: Successful
2026-09-25 22:29:36,785 - logger - INFO - Successful dumping
2026-09-25 22:29:36,786 - logger - INFO - retrieve station information
2026-09-25 22:29:37,238 - logger - INFO - request status: Successful
2026-09-25 22:29:37,259 - logger - INFO - Successful dumping
2026-09-25 22:29:37,260 - logger - INFO - ------
2026-09-26 01:40:34,773 - logger - INFO - ------
2026-09-26 01:40:34,773 - logger - INFO - retrieve station status
2026-09-26 01:40:35,223 - logger - INFO - request status: Successful
2026-09-26 01:40:35,225 - logger - INFO - Successful dumping
2026-09-26 01:40:35,225 - logger - INFO - retrieve station information
2026-09-26 01:40:36,456 - logger - INFO - request status: Successful
2026-09-26 01:40:36,472 - logger - INFO - Successful dumping
2026-09-26 01:40:36,473 - logger - INFO - ------
2026-09-26 07:50:51,157 - logger - INFO - ------
2026-09-26 07:50:51,158 - logger - INFO - retrieve station status
2026-09-26 07:50:51,691 - logger - INFO - request status: Successful
2026-09-26 07:50:51,692 - logger - INFO - Successful dumping
2026-09-26 07:50:51,693 - logger - INFO - retrieve station information
2026-09-26 07:50:52,973 - logger - INFO - request status: Successful
2026-09-26 07:50:52,985 - logger - INFO - Successful dumping
2026-09-26 07:50:52,985 - logger - INFO - ------
2026-09-26 13:13:13,769 - logger - INFO - ------
2026-09-26 13:13:13,770 - logger - INFO - retrieve station status
2026-09-26 13:13:14,410 - logger - INFO - request status: Successful
2026-09-26 13:13:14,413 - logger - INFO - Successful dumping
2026-09-26 13:13:14,413 - logger - INFO - retrieve station information
2026-09-26 13:13:15,687 - logger - INFO - request status: Successful
2026-09-26 13:13:15,709 - logger - INFO - Successful dumping
2026-09-26 13:13:15,709 - logger - INFO - ------
2026-09-26 17:17:11,139 - logger - INFO - ------
2026-09-26 17:17:11,139 - logger - INFO - retrieve station status
2026-09-26 17:17:11,812 - logger - INFO - request status: Successful
2026-09-26 17:17:11,815 - logger - INFO - Successful dumping
2026-09-26 17:17:11,815 - logger - INFO - retrieve station information
2026-09-26 17:17:12,968 - logger - INFO - request status: Successful
2026-09-26 17:17:12,989 - logger - INFO - Successful dumping
2026-09-26 17:17:12,989 - logger - INFO - ------
2026-09-26 19:56:53,614 - logger - INFO - ------
2026-09-26 19:56:53,614 - logger - INFO - retrieve station status
2026-09-26 19:56:54,180 - logger - INFO - request status: Successful
2026-09-26 19:56:54,185 - logger - INFO - Successful dumping
2026-09-26 19:56:54,185 - logger - INFO - retrieve station information
2026-09-26 19:56:54,766 - logger - INFO - request status: Successful
2026-09-26 19:56:54,786 - logger - INFO - Successful dumping
2026-09-26 19:56:54,787 - logger - INFO - ------
2026-09-26 22:58:54,758 - logger - INFO - ------
2026-09-26 22:58:54,758 - logger - INFO - retrieve station status
2026-09-26 22:58:55,191 - logger - INFO - request status: Successful
2026-09-26 22:58:55,193 - logger - INFO - Successful dumping
2026-09-26 22:58:55,194 - logger - INFO - retrieve station information
2026-09-26 22:58:55,692 - logger - INFO - request status: Successful
2026-09-26 22:58:55,713 - logger - INFO - Successful dumping
2026-09-26 22:58:55,713 - logger - INFO - ------
2026-09-27 01:34:18,200 - logger - INFO - ------
2026-09-27 01:34:18,200 - logger - INFO - retrieve station status
2026-09-27 01:34:18,657 - logger - INFO - request status: Successful
2026-09-27 01:34:18,660 - logger - INFO - Successful dumping
2026-09-27 01:34:18,660 - logger - INFO - retrieve station information
2026-09-27 01:34:19,885 - logger - INFO - request status: Successful
2026-09-27 01:34:19,906 - logger - INFO - Successful dumping
2026-09-27 01:34:19,906 - logger - INFO - ------
2026-09-27 08:20:43,418 - logger - INFO - ------
2026-09-27 08:20:43,418 - logger - INFO - retrieve station status
2026-09-27 08:20:44,102 - logger - INFO - request status: Successful
2026-09-27 08:20:44,105 - logger - INFO - Successful dumping
2026-09-27 08:20:44,105 - logger - INFO - retrieve station information
2026-09-27 08:20:45,389 - logger - INFO - request status: Successful
2026-09-27 08:20:45,410 - logger - INFO - Successful dumping
2026-09-27 08:20:45,411 - logger - INFO - ------
2026-09-27 14:07:37,602 - logger - INFO - ------
2026-09-27 14:07:37,602 - logger - INFO - retrieve station status
2026-09-27 14:07:38,080 - logger - INFO - request status: Successful
2026-09-27 14:07:38,083 - logger - INFO - Successful dumping
2026-09-27 14:07:38,083 - logger - INFO - retrieve station information
2026-09-27 14:07:38,557 - logger - INFO - request status: Successful
2026-09-27 14:07:38,574 - logger - INFO - Successful dumping
2026-09-27 14:07:38,574 - logger - INFO - ------
